[sites.google.com/view/galaxytools.html]
[backblue.gif]
[fade.gif]
[index.html]
[ssl.gstatic.com/atari/images/aristotle-header-dark.jpg]
[apis.google.com/js/clientc932.js]
[sites.google.com/view/galaxytools/home.html]
[sites.google.com/view/galaxytools/home/more-sites.html]
[sites.google.com/view/galaxytools/ai.html]
[sites.google.com/view/galaxytools/games.html]
[sites.google.com/view/galaxytools/proxy.html]
[sites.google.com/view/galaxytools/credits.html]
[sites.google.com/view/galaxytools/ticket.html]
[sites.google.com/view/galaxytools/fun.html]
[sites.google.com/view/galaxytools.html]
[sites.google.com/view/galaxytools/_https_/www.cutercounter.com/_.f.delayed]
[sites.google.com/view/galaxytools/_https_/www.cutercounter.com/hits.1014f8.delayed]
[sites.google.com/view/galaxytools/_https_/static.elfsight.com/platform/platform.11.delayed]
[sites.google.com/view/galaxytools/_/st.chatango.com/js/gz/emb.12.delayed]
[sites.google.com/view/galaxytools/home.html]
[sites.google.com/view/galaxytools/home/more-sites.html]
[sites.google.com/view/galaxytools/ai.html]
[sites.google.com/view/galaxytools/fun/random-game-sports.html]
[sites.google.com/view/galaxytools/games/subway-surfers.html]
[sites.google.com/view/galaxytools/games/flappy-bird.html]
[sites.google.com/view/galaxytools/games/geo-dash.html]
[sites.google.com/view/galaxytools/games/jetpack.html]
[sites.google.com/view/galaxytools/games/elastic-man.html]
[sites.google.com/view/galaxytools/games/slope.html]
[sites.google.com/view/galaxytools/games/among-us.html]
[sites.google.com/view/galaxytools/games/1v1-lol.html]
[sites.google.com/view/galaxytools/games/time-shooter-2.html]
[sites.google.com/view/galaxytools/games/moto-x3m.html]
[sites.google.com/view/galaxytools/games/bit-life.html]
[sites.google.com/view/galaxytools/games/google-map-snake.html]
[sites.google.com/view/galaxytools/games/smash-karts.html]
[sites.google.com/view/galaxytools/games/cookie-clicker.html]
[sites.google.com/view/galaxytools/games/fnaf-4.html]
[sites.google.com/view/galaxytools/games/drift-boss.html]
[sites.google.com/view/galaxytools/games/supper-soocer-noggins.html]
[sites.google.com/view/galaxytools/games/crazy-intersection.html]
[sites.google.com/view/galaxytools/games/super-mario-brosssssss.html]
[sites.google.com/view/galaxytools/games/sonic-revert.html]
[sites.google.com/view/galaxytools/games/hardest-game.html]
[sites.google.com/view/galaxytools/games/super-bunnies.html]
[sites.google.com/view/galaxytools/games/uno.html]
[sites.google.com/view/galaxytools/games/fallerz.html]
[sites.google.com/view/galaxytools/games/1-on-1-tennus.html]
[sites.google.com/view/galaxytools/games/the-cube.html]
[sites.google.com/view/galaxytools/games/doodle-jump.html]
[sites.google.com/view/galaxytools/games/8-ball-pool.html]
[sites.google.com/view/galaxytools/games/1line.html]
[sites.google.com/view/galaxytools/games/acid-bunny.html]
[sites.google.com/view/galaxytools/games/jhonny-shootewr.html]
[sites.google.com/view/galaxytools/games/doom-2d.html]
[sites.google.com/view/galaxytools/games/agario-lite.html]
[sites.google.com/view/galaxytools/games/minigolfmaster.html]
[sites.google.com/view/galaxytools/games/roblox-only-up.html]
[sites.google.com/view/galaxytools/games/angry-birds.html]
[sites.google.com/view/galaxytools/games/the-final-earth-2.html]
[sites.google.com/view/galaxytools/games/ovo.html]
[sites.google.com/view/galaxytools/games/gateway-shooter.html]
[sites.google.com/view/galaxytools/games/paper-io-2.html]
[sites.google.com/view/galaxytools/games/death-run-3d.html]
[sites.google.com/view/galaxytools/games/basketball-stars.html]
[sites.google.com/view/galaxytools/games/hanger-2.html]
[sites.google.com/view/galaxytools/games/stickmanparkour.html]
[sites.google.com/view/galaxytools/games/minecraft-classic.html]
[sites.google.com/view/galaxytools/games/dan-the-man.html]
[sites.google.com/view/galaxytools/games/run-3.html]
[sites.google.com/view/galaxytools/games/balls-and-brick.html]
[sites.google.com/view/galaxytools/games/traffic-run.html]
[sites.google.com/view/galaxytools/games/hole-io.html]
[sites.google.com/view/galaxytools/games/bunny-land.html]
[sites.google.com/view/galaxytools/games/basket-ball-random.html]
[sites.google.com/view/galaxytools/games/soccer-random.html]
[sites.google.com/view/galaxytools/games/volley-ball.html]
[sites.google.com/view/galaxytools/games.html]
[sites.google.com/view/galaxytools/proxy.html]
[sites.google.com/view/galaxytools/credits.html]
[sites.google.com/view/galaxytools/ticket.html]
[sites.google.com/view/galaxytools/games/boxing-random.html]
[www.google.com/images/icons/product/drive-32.png]
[sites.google.com/view/galaxytools/fun.html]
[sites.google.com/view/galaxytools/_https_/www.cutercounter.com/_.html]
[sites.google.com/view/galaxytools/_https_/www.cutercounter.com/hits14f8.html]
[sites.google.com/view/galaxytools/_https_/static.elfsight.com/platform/platform.html]
[sites.google.com/view/galaxytools/_/st.chatango.com/js/gz/emb.html]
[sites.google.com/view/galaxytools/fun/random-game-sports.html]
[sites.google.com/view/galaxytools/games/subway-surfers.html]
[sites.google.com/view/galaxytools/games/flappy-bird.html]
[sites.google.com/view/galaxytools/games/geo-dash.html]
[sites.google.com/view/galaxytools/games/jetpack.html]
[sites.google.com/view/galaxytools/games/elastic-man.html]
[sites.google.com/view/galaxytools/games/slope.html]
[sites.google.com/view/galaxytools/games/among-us.html]
[sites.google.com/view/galaxytools/games/1v1-lol.html]
[sites.google.com/view/galaxytools/games/time-shooter-2.html]
[sites.google.com/view/galaxytools/games/moto-x3m.html]
[sites.google.com/view/galaxytools/games/bit-life.html]
[sites.google.com/view/galaxytools/games/google-map-snake.html]
[sites.google.com/view/galaxytools/games/smash-karts.html]
[sites.google.com/view/galaxytools/games/cookie-clicker.html]
[sites.google.com/view/galaxytools/games/fnaf-4.html]
[sites.google.com/view/galaxytools/games/drift-boss.html]
[sites.google.com/view/galaxytools/games/supper-soocer-noggins.html]
[sites.google.com/view/galaxytools/games/crazy-intersection.html]
[sites.google.com/view/galaxytools/games/super-mario-brosssssss.html]
[sites.google.com/view/galaxytools/games/sonic-revert.html]
[sites.google.com/view/galaxytools/games/hardest-game.html]
[sites.google.com/view/galaxytools/games/super-bunnies.html]
[sites.google.com/view/galaxytools/games/uno.html]
[sites.google.com/view/galaxytools/games/fallerz.html]
[sites.google.com/view/galaxytools/games/1-on-1-tennus.html]
[sites.google.com/view/galaxytools/games/the-cube.html]
[sites.google.com/view/galaxytools/games/doodle-jump.html]
[sites.google.com/view/galaxytools/games/8-ball-pool.html]
[sites.google.com/view/galaxytools/games/1line.html]
[sites.google.com/view/galaxytools/games/acid-bunny.html]
[sites.google.com/view/galaxytools/games/jhonny-shootewr.html]
[sites.google.com/view/galaxytools/games/doom-2d.html]
[sites.google.com/view/galaxytools/games/agario-lite.html]
[sites.google.com/view/galaxytools/games/minigolfmaster.html]
[sites.google.com/view/galaxytools/games/roblox-only-up.html]
[sites.google.com/view/galaxytools/games/angry-birds.html]
[sites.google.com/view/galaxytools/games/the-final-earth-2.html]
[sites.google.com/view/galaxytools/games/ovo.html]
[sites.google.com/view/galaxytools/games/gateway-shooter.html]
[sites.google.com/view/galaxytools/games/paper-io-2.html]
[sites.google.com/view/galaxytools/games/death-run-3d.html]
[sites.google.com/view/galaxytools/games/basketball-stars.html]
[sites.google.com/view/galaxytools/games/hanger-2.html]
[sites.google.com/view/galaxytools/games/stickmanparkour.html]
[sites.google.com/view/galaxytools/games/minecraft-classic.html]
[sites.google.com/view/galaxytools/games/dan-the-man.html]
[sites.google.com/view/galaxytools/games/run-3.html]
[sites.google.com/view/galaxytools/games/balls-and-brick.html]
[sites.google.com/view/galaxytools/games/traffic-run.html]
[sites.google.com/view/galaxytools/games/hole-io.html]
[sites.google.com/view/galaxytools/games/bunny-land.html]
[sites.google.com/view/galaxytools/games/basket-ball-random.html]
[sites.google.com/view/galaxytools/games/soccer-random.html]
[sites.google.com/view/galaxytools/games/volley-ball.html]
[sites.google.com/view/galaxytools/games/boxing-random.html]
